itwillwork@it:~$ cd org/
itwillwork@it:~/org$ git status
On branch master
Your branch is up to date with 'origin/master'.

nothing to commit, working tree clean
itwillwork@it:~/org$ git pull
Password for 'https://prasopes@bitbucket.org': 
remote: Counting objects: 12, done.
remote: Compressing objects: 100% (12/12), done.
remote: Total 12 (delta 8), reused 0 (delta 0)
Unpacking objects: 100% (12/12), done.
From https://bitbucket.org/prasopes/org
   9cb33b9..7a9b943  master     -> origin/master
Updating 9cb33b9..7a9b943
Fast-forward
 general_todos.org  |  34 ++++++++-----
 general_todos.org~ | 189 ------------------------------------------------------------------------
 2 files changed, 21 insertions(+), 202 deletions(-)
 delete mode 100644 general_todos.org~
itwillwork@it:~/org$ cd
itwillwork@it:~$ cd Documents/vocabularyTool/
itwillwork@it:~/Documents/vocabularyTool$ git status
On branch master
Your branch is up to date with 'origin/master'.

nothing to commit, working tree clean
itwillwork@it:~/Documents/vocabularyTool$ git pull
remote: Enumerating objects: 21, done.
remote: Counting objects: 100% (20/20), done.
remote: Compressing objects: 100% (9/9), done.
remote: Total 15 (delta 9), reused 12 (delta 6), pack-reused 0
Unpacking objects: 100% (15/15), done.
From https://github.com/insighthorizon/vocabularyTools
   46a963d..bb7538e  master     -> origin/master
Updating 46a963d..bb7538e
Fast-forward
 voc_En1.txt | 10 ++++------
 voc_En6.txt | 13 +++++++++++--
 voc_En7.txt |  9 +++++++++
 3 files changed, 24 insertions(+), 8 deletions(-)
 create mode 100644 voc_En7.txt
itwillwork@it:~/Documents/vocabularyTool$ grep -nr andjunct
itwillwork@it:~/Documents/vocabularyTool$ grep -nr imperative
itwillwork@it:~/Documents/vocabularyTool$ grep -nr imperative
itwillwork@it:~/Documents/vocabularyTool$ grep -nr appease
itwillwork@it:~/Documents/vocabularyTool$ grep -nr conduct
voc_En1.txt:52:conduct-chování
LICENSE:78:works, such as semiconductor masks.
itwillwork@it:~/Documents/vocabularyTool$ grep -nr vacuous
itwillwork@it:~/Documents/vocabularyTool$ grep -nr scorn
voc_En4.txt:48:scorn-popovržení
itwillwork@it:~/Documents/vocabularyTool$ grep -nr acknowledge
LICENSE:161:content, constitutes a covered work.  This License acknowledges your
itwillwork@it:~/Documents/vocabularyTool$ grep -nr antiquity
voc_En5.txt:90:antiquity-starověk
itwillwork@it:~/Documents/vocabularyTool$ 
itwillwork@it:~/Documents/vocabularyTool$ 
itwillwork@it:~/Documents/vocabularyTool$ grep -nr bestow
voc_En6.txt:78:bestow-propůjčit/udělit
itwillwork@it:~/Documents/vocabularyTool$ grep -nr midst
voc_En2.txt:23:amidst-uprostřed
itwillwork@it:~/Documents/vocabularyTool$ 
itwillwork@it:~/Documents/vocabularyTool$ 
itwillwork@it:~/Documents/vocabularyTool$ exit

Process *ansi-term* finished
