marek@marek-virtual-machine:~/Documents/vocabularyTools$ grep -nr reckon
voc_En2.txt:66:reckoning-zůčtování
marek@marek-virtual-machine:~/Documents/vocabularyTools$ grep -nr languish
voc_En4.txt:8:languish-umdlévat
marek@marek-virtual-machine:~/Documents/vocabularyTools$ grep -nr shuttle
marek@marek-virtual-machine:~/Documents/vocabularyTools$ grep -nr shutle
marek@marek-virtual-machine:~/Documents/vocabularyTools$ grep -nr ripe
marek@marek-virtual-machine:~/Documents/vocabularyTools$ grep -nr rippe
done_voc_DeL6.txt:76:die Grippe-chřipka
marek@marek-virtual-machine:~/Documents/vocabularyTools$ grep -nr rippe
done_voc_DeL6.txt:76:die Grippe-chřipka
marek@marek-virtual-machine:~/Documents/vocabularyTools$ grep -nr rub
voc_En3.txt:12:flange-příruba
voc_En4.txt:15:rub-obtíž
marek@marek-virtual-machine:~/Documents/vocabularyTools$ git status
On branch master
Your branch is up to date with 'origin/master'.

Untracked files:
  (use "git add <file>..." to include in what will be committed)

        voc_En4.txt
        voc_En4.txt~

nothing added to commit but untracked files present (use "git add" to track)
marek@marek-virtual-machine:~/Documents/vocabularyTools$ git add *
marek@marek-virtual-machine:~/Documents/vocabularyTools$ git commit -m "edit"
[master 95bf25a] edit
 2 files changed, 21 insertions(+)
 create mode 100644 voc_En4.txt
 create mode 100644 voc_En4.txt~
marek@marek-virtual-machine:~/Documents/vocabularyTools$ git log
commit 95bf25aceb3c7e133aa39251a79d4092c0a75ca3 (HEAD -> master)
Author: marek <jiricek@befra.cz>
Date:   Tue Oct 23 16:31:53 2018 +0200

    edit

commit d8276de1fe29d9983b1703833414627221c18929 (origin/master, origin/HEAD)
Merge: 71fc13c 28ad0c1
Author: insighthorizon <majiricek@seznam.cz>
Date:   Mon Oct 22 17:36:12 2018 +0200

    edit

commit 71fc13cfe6fbfed7acb3afe12e07d64f00fa361a
Author: insighthorizon <majiricek@seznam.cz>
Date:   Mon Oct 22 17:34:44 2018 +0200

    edit

commit 28ad0c1dba640223db57570d54ffc38a3e4382df
Author: marek <jiricek@befra.cz>
Date:   Mon Oct 22 15:53:57 2018 +0200

    edit

commit 3043620a293255b38f04c8315d9681222b0a2f67
Author: marek <jiricek@befra.cz>
Date:   Mon Oct 22 15:36:42 2018 +0200

    edit

commit 15771ab219bf580a93f17c219337134c747d9680
Author: marek <jiricek@befra.cz>
Date:   Mon Oct 22 12:56:44 2018 +0200

    edit

commit 2240bf1c90dd76fc03270a1f9b939f120168b862
Author: insighthorizon <majiricek@seznam.cz>
Date:   Sat Oct 20 21:15:00 2018 +0200

    edit

commit 3ab6f6d2fad1987acf9aedb324fee855fb44a768
Author: insighthorizon <majiricek@seznam.cz>
Date:   Sat Oct 20 10:43:07 2018 +0200

marek@marek-virtual-machine:~/Documents/vocabularyTools$ grep -nr embody
voc_En3.txt:97:embody
#voc_En3.txt#:98:embody
voc_En1.txt:85:embody-ztělesňovat
marek@marek-virtual-machine:~/Documents/vocabularyTools$ grep -nr embodied
voc_En3.txt:98:embodied
voc_En3.txt:99:disembodied
LICENSE:252:    a) Convey the object code in, or embodied in, a physical product
LICENSE:257:    b) Convey the object code in, or embodied in, a physical product
#voc_En3.txt#:99:embodied
#voc_En3.txt#:100:disembodied
marek@marek-virtual-machine:~/Documents/vocabularyTools$ git pull
remote: Enumerating objects: 15, done.
remote: Counting objects: 100% (15/15), done.
remote: Compressing objects: 100% (10/10), done.
remote: Total 15 (delta 7), reused 12 (delta 4), pack-reused 0
Unpacking objects: 100% (15/15), done.
From https://github.com/insighthorizon/vocabularyTools
   ec46574..69500c7  master     -> origin/master
Updating ec46574..69500c7
Fast-forward
 test        |  1 +
 voc_En4.txt | 18 ++++++++++++++++++
 2 files changed, 19 insertions(+)
 create mode 100644 test
marek@marek-virtual-machine:~/Documents/vocabularyTools$ ls
done_voc_DeL1.txt   done_voc_DeL2.txt~  done_voc_DeL6.txt  test                      verbs_perfektum_done.txt~  voc_De1.txt   voc_DeL3.txt  voc_DeL6.txt   voc_En1.txt  voc_En4.txt
done_voc_DeL1.txt~  done_voc_DeL4.txt   LICENSE            test.txt                  verbs_perfektum.txt        voc_DeL1.txt  voc_DeL4.txt  voc_DeL7.txt   voc_En2.txt  voc_En4.txt~
done_voc_DeL2.txt   done_voc_DeL5.txt   README.md          verbs_perfektum_done.txt  verbs_perfektum.txt~       voc_DeL2.txt  voc_DeL5.txt  voc_DeL7.txt~  voc_En3.txt  voct.sh
marek@marek-virtual-machine:~/Documents/vocabularyTools$ cd
marek@marek-virtual-machine:~$ git clone https://prasopes@bitbucket.org/prasopes/org.git
Cloning into 'org'...
Password for 'https://prasopes@bitbucket.org': 
remote: Counting objects: 175, done.
remote: Compressing objects: 100% (90/90), done.
remote: Total 175 (delta 95), reused 159 (delta 85)
Receiving objects: 100% (175/175), 30.29 KiB | 258.00 KiB/s, done.
Resolving deltas: 100% (95/95), done.
marek@marek-virtual-machine:~$ cd org/
marek@marek-virtual-machine:~/org$ ls
food.org  food.org~  general_todos.org  general_todos.org~  OrgTutorial.org  supplements.org  supplements.org~
marek@marek-virtual-machine:~/org$ cd
marek@marek-virtual-machine:~$ cd Documents/vocabularyTools/
marek@marek-virtual-machine:~/Documents/vocabularyTools$ 
marek@marek-virtual-machine:~/Documents/vocabularyTools$ git status
On branch master
Your branch is up to date with 'origin/master'.

Untracked files:
  (use "git add <file>..." to include in what will be committed)

        *ansi-term*
        .#*ansi-term*

nothing added to commit but untracked files present (use "git add" to track)
marek@marek-virtual-machine:~/Documents/vocabularyTools$ git pull
Already up to date.
marek@marek-virtual-machine:~/Documents/vocabularyTools$ git status
On branch master
Your branch is up to date with 'origin/master'.

Changes not staged for commit:
  (use "git add <file>..." to update what will be committed)
  (use "git checkout -- <file>..." to discard changes in working directory)

        modified:   voc_En4.txt

Untracked files:
  (use "git add <file>..." to include in what will be committed)

        #*ansi-term*#
        *ansi-term*
        .#*ansi-term*

no changes added to commit (use "git add" and/or "git commit -a")
marek@marek-virtual-machine:~/Documents/vocabularyTools$ rm \#\*ansi-term\*# 
marek@marek-virtual-machine:~/Documents/vocabularyTools$ rm \*ansi-term\* 
marek@marek-virtual-machine:~/Documents/vocabularyTools$ rm .
./             ../            .#*ansi-term*  .git/          
marek@marek-virtual-machine:~/Documents/vocabularyTools$ rm .#\*ansi-term\* 
marek@marek-virtual-machine:~/Documents/vocabularyTools$ git status
On branch master
Your branch is up to date with 'origin/master'.

Changes not staged for commit:
  (use "git add <file>..." to update what will be committed)
  (use "git checkout -- <file>..." to discard changes in working directory)

        modified:   voc_En4.txt

no changes added to commit (use "git add" and/or "git commit -a")
marek@marek-virtual-machine:~/Documents/vocabularyTools$ git add *
marek@marek-virtual-machine:~/Documents/vocabularyTools$ git commit -m "edit9857ů
> "
[master 1056eb7] edit9857ů
 1 file changed, 1 insertion(+)
marek@marek-virtual-machine:~/Documents/vocabularyTools$ git push -u origin master
Username for 'https://github.com': insighthorizon
Password for 'https://insighthorizon@github.com': 
Enumerating objects: 5, done.
Counting objects: 100% (5/5), done.
Delta compression using up to 3 threads
Compressing objects: 100% (3/3), done.
Writing objects: 100% (3/3), 299 bytes | 149.00 KiB/s, done.
Total 3 (delta 2), reused 0 (delta 0)
remote: Resolving deltas: 100% (2/2), completed with 2 local objects.
To https://github.com/insighthorizon/vocabularyTools.git
   69500c7..1056eb7  master -> master
Branch 'master' set up to track remote branch 'master' from 'origin'.
marek@marek-virtual-machine:~/Documents/vocabularyTools$ OD